Archive member included to satisfy reference by file (symbol)

C:/ST/STM32CubeIDE_1.15.0/STM32CubeIDE/plugins/com.st.stm32cube.ide.mcu.externaltools.gnu-tools-for-stm32.12.3.rel1.win32_1.0.100.202403111256/tools/bin/../lib/gcc/arm-none-eabi/12.3.1/../../../../arm-none-eabi/lib/thumb/v7-m/nofp\libc_nano.a(libc_a-exit.o)
                              C:/ST/STM32CubeIDE_1.15.0/STM32CubeIDE/plugins/com.st.stm32cube.ide.mcu.externaltools.gnu-tools-for-stm32.12.3.rel1.win32_1.0.100.202403111256/tools/bin/../lib/gcc/arm-none-eabi/12.3.1/../../../../arm-none-eabi/lib/thumb/v7-m/nofp/crt0.o (exit)
C:/ST/STM32CubeIDE_1.15.0/STM32CubeIDE/plugins/com.st.stm32cube.ide.mcu.externaltools.gnu-tools-for-stm32.12.3.rel1.win32_1.0.100.202403111256/tools/bin/../lib/gcc/arm-none-eabi/12.3.1/../../../../arm-none-eabi/lib/thumb/v7-m/nofp\libc_nano.a(libc_a-findfp.o)
                              C:/ST/STM32CubeIDE_1.15.0/STM32CubeIDE/plugins/com.st.stm32cube.ide.mcu.externaltools.gnu-tools-for-stm32.12.3.rel1.win32_1.0.100.202403111256/tools/bin/../lib/gcc/arm-none-eabi/12.3.1/../../../../arm-none-eabi/lib/thumb/v7-m/nofp\libc_nano.a(libc_a-exit.o) (__stdio_exit_handler)
C:/ST/STM32CubeIDE_1.15.0/STM32CubeIDE/plugins/com.st.stm32cube.ide.mcu.externaltools.gnu-tools-for-stm32.12.3.rel1.win32_1.0.100.202403111256/tools/bin/../lib/gcc/arm-none-eabi/12.3.1/../../../../arm-none-eabi/lib/thumb/v7-m/nofp\libc_nano.a(libc_a-fwalk.o)
                              C:/ST/STM32CubeIDE_1.15.0/STM32CubeIDE/plugins/com.st.stm32cube.ide.mcu.externaltools.gnu-tools-for-stm32.12.3.rel1.win32_1.0.100.202403111256/tools/bin/../lib/gcc/arm-none-eabi/12.3.1/../../../../arm-none-eabi/lib/thumb/v7-m/nofp\libc_nano.a(libc_a-findfp.o) (_fwalk_sglue)
C:/ST/STM32CubeIDE_1.15.0/STM32CubeIDE/plugins/com.st.stm32cube.ide.mcu.externaltools.gnu-tools-for-stm32.12.3.rel1.win32_1.0.100.202403111256/tools/bin/../lib/gcc/arm-none-eabi/12.3.1/../../../../arm-none-eabi/lib/thumb/v7-m/nofp\libc_nano.a(libc_a-stdio.o)
                              C:/ST/STM32CubeIDE_1.15.0/STM32CubeIDE/plugins/com.st.stm32cube.ide.mcu.externaltools.gnu-tools-for-stm32.12.3.rel1.win32_1.0.100.202403111256/tools/bin/../lib/gcc/arm-none-eabi/12.3.1/../../../../arm-none-eabi/lib/thumb/v7-m/nofp\libc_nano.a(libc_a-findfp.o) (__sread)
C:/ST/STM32CubeIDE_1.15.0/STM32CubeIDE/plugins/com.st.stm32cube.ide.mcu.externaltools.gnu-tools-for-stm32.12.3.rel1.win32_1.0.100.202403111256/tools/bin/../lib/gcc/arm-none-eabi/12.3.1/../../../../arm-none-eabi/lib/thumb/v7-m/nofp\libc_nano.a(libc_a-memset.o)
                              C:/ST/STM32CubeIDE_1.15.0/STM32CubeIDE/plugins/com.st.stm32cube.ide.mcu.externaltools.gnu-tools-for-stm32.12.3.rel1.win32_1.0.100.202403111256/tools/bin/../lib/gcc/arm-none-eabi/12.3.1/../../../../arm-none-eabi/lib/thumb/v7-m/nofp/crt0.o (memset)
C:/ST/STM32CubeIDE_1.15.0/STM32CubeIDE/plugins/com.st.stm32cube.ide.mcu.externaltools.gnu-tools-for-stm32.12.3.rel1.win32_1.0.100.202403111256/tools/bin/../lib/gcc/arm-none-eabi/12.3.1/../../../../arm-none-eabi/lib/thumb/v7-m/nofp\libc_nano.a(libc_a-strncpy.o)
                              ./Core/Src/main.o (strncpy)
C:/ST/STM32CubeIDE_1.15.0/STM32CubeIDE/plugins/com.st.stm32cube.ide.mcu.externaltools.gnu-tools-for-stm32.12.3.rel1.win32_1.0.100.202403111256/tools/bin/../lib/gcc/arm-none-eabi/12.3.1/../../../../arm-none-eabi/lib/thumb/v7-m/nofp\libc_nano.a(libc_a-strstr.o)
                              ./Core/Src/main.o (strstr)
C:/ST/STM32CubeIDE_1.15.0/STM32CubeIDE/plugins/com.st.stm32cube.ide.mcu.externaltools.gnu-tools-for-stm32.12.3.rel1.win32_1.0.100.202403111256/tools/bin/../lib/gcc/arm-none-eabi/12.3.1/../../../../arm-none-eabi/lib/thumb/v7-m/nofp\libc_nano.a(libc_a-closer.o)
                              C:/ST/STM32CubeIDE_1.15.0/STM32CubeIDE/plugins/com.st.stm32cube.ide.mcu.externaltools.gnu-tools-for-stm32.12.3.rel1.win32_1.0.100.202403111256/tools/bin/../lib/gcc/arm-none-eabi/12.3.1/../../../../arm-none-eabi/lib/thumb/v7-m/nofp\libc_nano.a(libc_a-stdio.o) (_close_r)
C:/ST/STM32CubeIDE_1.15.0/STM32CubeIDE/plugins/com.st.stm32cube.ide.mcu.externaltools.gnu-tools-for-stm32.12.3.rel1.win32_1.0.100.202403111256/tools/bin/../lib/gcc/arm-none-eabi/12.3.1/../../../../arm-none-eabi/lib/thumb/v7-m/nofp\libc_nano.a(libc_a-reent.o)
                              C:/ST/STM32CubeIDE_1.15.0/STM32CubeIDE/plugins/com.st.stm32cube.ide.mcu.externaltools.gnu-tools-for-stm32.12.3.rel1.win32_1.0.100.202403111256/tools/bin/../lib/gcc/arm-none-eabi/12.3.1/../../../../arm-none-eabi/lib/thumb/v7-m/nofp\libc_nano.a(libc_a-closer.o) (errno)
C:/ST/STM32CubeIDE_1.15.0/STM32CubeIDE/plugins/com.st.stm32cube.ide.mcu.externaltools.gnu-tools-for-stm32.12.3.rel1.win32_1.0.100.202403111256/tools/bin/../lib/gcc/arm-none-eabi/12.3.1/../../../../arm-none-eabi/lib/thumb/v7-m/nofp\libc_nano.a(libc_a-impure.o)
[...]
Memory Configuration

Name             Origin             Length             Attributes
RAM              0x20000000         0x00002800         xrw
FLASH            0x08000000         0x00008000         xr
*default*        0x00000000         0xffffffff

Linker script and memory map

LOAD C:/ST/STM32CubeIDE_1.15.0/STM32CubeIDE/plugins/com.st.stm32cube.ide.mcu.externaltools.gnu-tools-for-stm32.12.3.rel1.win32_1.0.100.202403111256/tools/bin/../lib/gcc/arm-none-eabi/12.3.1/thumb/v7-m/nofp/crti.o
LOAD C:/ST/STM32CubeIDE_1.15.0/STM32CubeIDE/plugins/com.st.stm32cube.ide.mcu.externaltools.gnu-tools-for-stm32.12.3.rel1.win32_1.0.100.202403111256/tools/bin/../lib/gcc/arm-none-eabi/12.3.1/thumb/v7-m/nofp/crtbegin.o
LOAD C:/ST/STM32CubeIDE_1.15.0/STM32CubeIDE/plugins/com.st.stm32cube.ide.mcu.externaltools.gnu-tools-for-stm32.12.3.rel1.win32_1.0.100.202403111256/tools/bin/../lib/gcc/arm-none-eabi/12.3.1/../../../../arm-none-eabi/lib/thumb/v7-m/nofp/crt0.o
LOAD ./Core/Src/fonts.o
LOAD ./Core/Src/main.o
LOAD ./Core/Src/ssd1306.o
LOAD ./Core/Src/ssd1306_i2c.o
LOAD ./Core/Src/stm32f1xx_hal_msp.o
LOAD ./Core/Src/stm32f1xx_it.o
LOAD ./Core/Src/syscalls.o
LOAD ./Core/Src/sysmem.o
LOAD ./Core/Src/system_stm32f1xx.o
LOAD ./Core/Startup/startup_stm32f103c6tx.o
LOAD ./Drivers/STM32F1xx_HAL_Driver/Src/stm32f1xx_hal.o
LOAD ./Drivers/STM32F1xx_HAL_Driver/Src/stm32f1xx_hal_cortex.o
LOAD ./Drivers/STM32F1xx_HAL_Driver/Src/stm32f1xx_hal_dma.o
LOAD ./Drivers/STM32F1xx_HAL_Driver/Src/stm32f1xx_hal_exti.o
LOAD ./Drivers/STM32F1xx_HAL_Driver/Src/stm32f1xx_hal_flash.o
LOAD ./Drivers/STM32F1xx_HAL_Driver/Src/stm32f1xx_hal_flash_ex.o
LOAD ./Drivers/STM32F1xx_HAL_Driver/Src/stm32f1xx_hal_gpio.o
LOAD ./Drivers/STM32F1xx_HAL_Driver/Src/stm32f1xx_hal_gpio_ex.o
LOAD ./Drivers/STM32F1xx_HAL_Driver/Src/stm32f1xx_hal_i2c.o
LOAD ./Drivers/STM32F1xx_HAL_Driver/Src/stm32f1xx_hal_pwr.o
LOAD ./Drivers/STM32F1xx_HAL_Driver/Src/stm32f1xx_hal_rcc.o
LOAD ./Drivers/STM32F1xx_HAL_Driver/Src/stm32f1xx_hal_rcc_ex.o
LOAD ./Drivers/STM32F1xx_HAL_Driver/Src/stm32f1xx_hal_tim.o
LOAD ./Drivers/STM32F1xx_HAL_Driver/Src/stm32f1xx_hal_tim_ex.o
LOAD ./Drivers/STM32F1xx_HAL_Driver/Src/stm32f1xx_hal_uart.o
START GROUP
LOAD C:/ST/STM32CubeIDE_1.15.0/STM32CubeIDE/plugins/com.st.stm32cube.ide.mcu.externaltools.gnu-tools-for-stm32.12.3.rel1.win32_1.0.100.202403111256/tools/bin/../lib/gcc/arm-none-eabi/12.3.1/../../../../arm-none-eabi/lib/thumb/v7-m/nofp\libc_nano.a
LOAD C:/ST/STM32CubeIDE_1.15.0/STM32CubeIDE/plugins/com.st.stm32cube.ide.mcu.externaltools.gnu-tools-for-stm32.12.3.rel1.win32_1.0.100.202403111256/tools/bin/../lib/gcc/arm-none-eabi/12.3.1/../../../../arm-none-eabi/lib/thumb/v7-m/nofp\libm.a
END GROUP
START GROUP
LOAD C:/ST/STM32CubeIDE_1.15.0/STM32CubeIDE/plugins/com.st.stm32cube.ide.mcu.externaltools.gnu-tools-for-stm32.12.3.rel1.win32_1.0.100.202403111256/tools/bin/../lib/gcc/arm-none-eabi/12.3.1/thumb/v7-m/nofp\libgcc.a
LOAD C:/ST/STM32CubeIDE_1.15.0/STM32CubeIDE/plugins/com.st.stm32cube.ide.mcu.externaltools.gnu-tools-for-stm32.12.3.rel1.win32_1.0.100.202403111256/tools/bin/../lib/gcc/arm-none-eabi/12.3.1/../../../../arm-none-eabi/lib/thumb/v7-m/nofp\libc_nano.a
END GROUP
START GROUP
LOAD C:/ST/STM32CubeIDE_1.15.0/STM32CubeIDE/plugins/com.st.stm32cube.ide.mcu.externaltools.gnu-tools-for-stm32.12.3.rel1.win32_1.0.100.202403111256/tools/bin/../lib/gcc/arm-none-eabi/12.3.1/thumb/v7-m/nofp\libgcc.a
LOAD C:/ST/STM32CubeIDE_1.15.0/STM32CubeIDE/plugins/com.st.stm32cube.ide.mcu.externaltools.gnu-tools-for-stm32.12.3.rel1.win32_1.0.100.202403111256/tools/bin/../lib/gcc/arm-none-eabi/12.3.1/../../../../arm-none-eabi/lib/thumb/v7-m/nofp\libc_nano.a
LOAD C:/ST/STM32CubeIDE_1.15.0/STM32CubeIDE/plugins/com.st.stm32cube.ide.mcu.externaltools.gnu-tools-for-stm32.12.3.rel1.win32_1.0.100.202403111256/tools/bin/../lib/gcc/arm-none-eabi/12.3.1/../../../../arm-none-eabi/lib/thumb/v7-m/nofp\libnosys.a
END GROUP
START GROUP
LOAD C:/ST/STM32CubeIDE_1.15.0/STM32CubeIDE/plugins/com.st.stm32cube.ide.mcu.externaltools.gnu-tools-for-stm32.12.3.rel1.win32_1.0.100.202403111256/tools/bin/../lib/gcc/arm-none-eabi/12.3.1/thumb/v7-m/nofp\libgcc.a
LOAD C:/ST/STM32CubeIDE_1.15.0/STM32CubeIDE/plugins/com.st.stm32cube.ide.mcu.externaltools.gnu-tools-for-stm32.12.3.rel1.win32_1.0.100.202403111256/tools/bin/../lib/gcc/arm-none-eabi/12.3.1/../../../../arm-none-eabi/lib/thumb/v7-m/nofp\libc_nano.a
LOAD C:/ST/STM32CubeIDE_1.15.0/STM32CubeIDE/plugins/com.st.stm32cube.ide.mcu.externaltools.gnu-tools-for-stm32.12.3.rel1.win32_1.0.100.202403111256/tools/bin/../lib/gcc/arm-none-eabi/12.3.1/../../../../arm-none-eabi/lib/thumb/v7-m/nofp\libnosys.a
END GROUP
LOAD C:/ST/STM32CubeIDE_1.15.0/STM32CubeIDE/plugins/com.st.stm32cube.ide.mcu.externaltools.gnu-tools-for-stm32.12.3.rel1.win32_1.0.100.202403111256/tools/bin/../lib/gcc/arm-none-eabi/12.3.1/thumb/v7-m/nofp/crtend.o
LOAD C:/ST/STM32CubeIDE_1.15.0/STM32CubeIDE/plugins/com.st.stm32cube.ide.mcu.externaltools.gnu-tools-for-stm32.12.3.rel1.win32_1.0.100.202403111256/tools/bin/../lib/gcc/arm-none-eabi/12.3.1/thumb/v7-m/nofp/crtn.o
                0x20002800                        _estack = (ORIGIN (RAM) + LENGTH (RAM))
                0x00000200                        _Min_Heap_Size = 0x200
                0x00000400                        _Min_Stack_Size = 0x400

.isr_vector     0x08000000      0x10c
                0x08000000                        . = ALIGN (0x4)
 *(.isr_vector)
 .isr_vector    0x08000000      0x10c ./Core/Startup/startup_stm32f103c6tx.o
                0x08000000                g_pfnVectors
                0x0800010c                        . = ALIGN (0x4)

.text           0x0800010c     0x3b00
                0x0800010c                        . = ALIGN (0x4)
 *(.text)
 .text          0x0800010c       0x40 C:/ST/STM32CubeIDE_1.15.0/STM32CubeIDE/plugins/com.st.stm32cube.ide.mcu.externaltools.gnu-tools-for-stm32.12.3.rel1.win32_1.0.100.202403111256/tools/bin/../lib/gcc/arm-none-eabi/12.3.1/thumb/v7-m/nofp/crtbegin.o
 *(.text*)
 .text.s800LSend
                0x0800014c       0x5c ./Core/Src/main.o
                0x0800014c                s800LSend
 .text.HAL_UART_RxCpltCallback
                0x080001a8      0x108 ./Core/Src/main.o
                0x080001a8                HAL_UART_RxCpltCallback
 .text.main     0x080002b0      0x338 ./Core/Src/main.o
                0x080002b0                main
 .text.SystemClock_Config
                0x080005e8       0x8a ./Core/Src/main.o
                0x080005e8                SystemClock_Config
 *fill*         0x08000672        0x2 
 .text.MX_I2C1_Init
                0x08000674       0x5c ./Core/Src/main.o
 .text.MX_USART1_UART_Init
                0x080006d0       0x54 ./Core/Src/main.o
 .text.MX_USART2_UART_Init
                0x08000724       0x54 ./Core/Src/main.o
 .text.MX_DMA_Init
                0x08000778       0x6c ./Core/Src/main.o
 .text.MX_GPIO_Init
                0x080007e4       0xb0 ./Core/Src/main.o
 .text.Error_Handler
                0x08000894        0xc ./Core/Src/main.o
                0x08000894                Error_Handler
 .text.SSD1306_Init
                0x080008a0      0x1ac ./Core/Src/ssd1306.o
                0x080008a0                SSD1306_Init
 .text.SSD1306_UpdateScreen
                0x08000a4c       0x68 ./Core/Src/ssd1306.o
                0x08000a4c                SSD1306_UpdateScreen
 .text.SSD1306_Fill
                0x08000ab4       0x30 ./Core/Src/ssd1306.o
                0x08000ab4                SSD1306_Fill
 .text.SSD1306_DrawPixel
                0x08000ae4       0xbc ./Core/Src/ssd1306.o
                0x08000ae4                SSD1306_DrawPixel
 .text.SSD1306_GotoXY
                0x08000ba0       0x2c ./Core/Src/ssd1306.o
                0x08000ba0                SSD1306_GotoXY
 .text.SSD1306_Putc
                0x08000bcc       0xfc ./Core/Src/ssd1306.o
                0x08000bcc                SSD1306_Putc
 .text.SSD1306_Puts
                0x08000cc8       0x4a ./Core/Src/ssd1306.o
                0x08000cc8                SSD1306_Puts
 .text.SSD1306_DrawCircle
                0x08000d12      0x1a8 ./Core/Src/ssd1306.o
                0x08000d12                SSD1306_DrawCircle
 .text.ssd1306_I2C_WriteMulti
                0x08000eba       0x5c ./Core/Src/ssd1306_i2c.o
                0x08000eba                ssd1306_I2C_WriteMulti
 *fill*         0x08000f16        0x2 
 .text.ssd1306_I2C_Start
                0x08000f18       0xd4 ./Core/Src/ssd1306_i2c.o
                0x08000f18                ssd1306_I2C_Start
 .text.ssd1306_I2C_WriteData
                0x08000fec       0x48 ./Core/Src/ssd1306_i2c.o
                0x08000fec                ssd1306_I2C_WriteData
 .text.ssd1306_I2C_Write
                0x08001034       0x48 ./Core/Src/ssd1306_i2c.o
                0x08001034                ssd1306_I2C_Write
 .text.ssd1306_I2C_Stop
                0x0800107c       0x5c ./Core/Src/ssd1306_i2c.o
                0x0800107c                ssd1306_I2C_Stop
 .text.ssd1306_I2C_IsDeviceConnected
                0x080010d8       0x36 ./Core/Src/ssd1306_i2c.o
                0x080010d8                ssd1306_I2C_IsDeviceConnected
 *fill*         0x0800110e        0x2 
 .text.HAL_MspInit
                0x08001110       0x44 ./Core/Src/stm32f1xx_hal_msp.o
                0x08001110                HAL_MspInit
 .text.HAL_I2C_MspInit
                0x08001154       0x80 ./Core/Src/stm32f1xx_hal_msp.o
                0x08001154                HAL_I2C_MspInit
 .text.HAL_UART_MspInit
                0x080011d4      0x27c ./Core/Src/stm32f1xx_hal_msp.o
                0x080011d4                HAL_UART_MspInit
 .text.NMI_Handler
                0x08001450        0x8 ./Core/Src/stm32f1xx_it.o
                0x08001450                NMI_Handler
 .text.HardFault_Handler
                0x08001458        0x8 ./Core/Src/stm32f1xx_it.o
                0x08001458                HardFault_Handler
 .text.MemManage_Handler
                0x08001460        0x8 ./Core/Src/stm32f1xx_it.o
                0x08001460                MemManage_Handler
 .text.BusFault_Handler
                0x08001468        0x8 ./Core/Src/stm32f1xx_it.o
                0x08001468                BusFault_Handler
 .text.UsageFault_Handler
                0x08001470        0x8 ./Core/Src/stm32f1xx_it.o
                0x08001470                UsageFault_Handler
 .text.SVC_Handler
                0x08001478        0xc ./Core/Src/stm32f1xx_it.o
                0x08001478                SVC_Handler
 .text.DebugMon_Handler
                0x08001484        0xc ./Core/Src/stm32f1xx_it.o
                0x08001484                DebugMon_Handler
 .text.PendSV_Handler
                0x08001490        0xc ./Core/Src/stm32f1xx_it.o
                0x08001490                PendSV_Handler
 .text.SysTick_Handler
                0x0800149c        0xc ./Core/Src/stm32f1xx_it.o
                0x0800149c                SysTick_Handler
 .text.DMA1_Channel4_IRQHandler
                0x080014a8       0x14 ./Core/Src/stm32f1xx_it.o
                0x080014a8                DMA1_Channel4_IRQHandler
 .text.DMA1_Channel5_IRQHandler
                0x080014bc       0x14 ./Core/Src/stm32f1xx_it.o
                0x080014bc                DMA1_Channel5_IRQHandler
 .text.DMA1_Channel6_IRQHandler
                0x080014d0       0x14 ./Core/Src/stm32f1xx_it.o
                0x080014d0                DMA1_Channel6_IRQHandler
 .text.DMA1_Channel7_IRQHandler
                0x080014e4       0x14 ./Core/Src/stm32f1xx_it.o
                0x080014e4                DMA1_Channel7_IRQHandler
 .text.USART1_IRQHandler
                0x080014f8       0x14 ./Core/Src/stm32f1xx_it.o
                0x080014f8                USART1_IRQHandler
 .text.USART2_IRQHandler
                0x0800150c       0x14 ./Core/Src/stm32f1xx_it.o
                0x0800150c                USART2_IRQHandler
 .text.SystemInit
                0x08001520        0xc ./Core/Src/system_stm32f1xx.o
                0x08001520                SystemInit
 .text.Reset_Handler
                0x0800152c       0x48 ./Core/Startup/startup_stm32f103c6tx.o
                0x0800152c                Reset_Handler
 .text.Default_Handler
                0x08001574        0x2 ./Core/Startup/startup_stm32f103c6tx.o
                0x08001574                RTC_Alarm_IRQHandler
                0x08001574                EXTI2_IRQHandler
                0x08001574                TIM1_CC_IRQHandler
                0x08001574                PVD_IRQHandler
                0x08001574                EXTI3_IRQHandler
                0x08001574                EXTI0_IRQHandler
                0x08001574                ADC1_2_IRQHandler
                0x08001574                SPI1_IRQHandler
                0x08001574                TAMPER_IRQHandler
                0x08001574                RTC_IRQHandler
                0x08001574                CAN1_RX1_IRQHandler
                0x08001574                I2C1_EV_IRQHandler
                0x08001574                TIM3_IRQHandler
                0x08001574                RCC_IRQHandler
                0x08001574                TIM1_TRG_COM_IRQHandler
                0x08001574                DMA1_Channel1_IRQHandler
                0x08001574                Default_Handler
                0x08001574                EXTI15_10_IRQHandler
                0x08001574                EXTI9_5_IRQHandler
                0x08001574                EXTI4_IRQHandler
                0x08001574                USB_LP_CAN1_RX0_IRQHandler
                0x08001574                USB_HP_CAN1_TX_IRQHandler
                0x08001574                DMA1_Channel3_IRQHandler
                0x08001574                TIM1_UP_IRQHandler
                0x08001574                WWDG_IRQHandler
                0x08001574                TIM2_IRQHandler
                0x08001574                TIM1_BRK_IRQHandler
                0x08001574                EXTI1_IRQHandler
                0x08001574                DMA1_Channel2_IRQHandler
                0x08001574                CAN1_SCE_IRQHandler
                0x08001574                FLASH_IRQHandler
                0x08001574                I2C1_ER_IRQHandler
                0x08001574                USBWakeUp_IRQHandler
 *fill*         0x08001576        0x2 
 .text.HAL_Init
                0x08001578       0x2c ./Drivers/STM32F1xx_HAL_Driver/Src/stm32f1xx_hal.o
                0x08001578                HAL_Init
 .text.HAL_InitTick
                0x080015a4       0x60 ./Drivers/STM32F1xx_HAL_Driver/Src/stm32f1xx_hal.o
                0x080015a4                HAL_InitTick
 .text.HAL_IncTick
                0x08001604       0x24 ./Drivers/STM32F1xx_HAL_Driver/Src/stm32f1xx_hal.o
                0x08001604                HAL_IncTick
 .text.HAL_GetTick
                0x08001628       0x14 ./Drivers/STM32F1xx_HAL_Driver/Src/stm32f1xx_hal.o
                0x08001628                HAL_GetTick
 .text.HAL_Delay
                0x0800163c       0x48 ./Drivers/STM32F1xx_HAL_Driver/Src/stm32f1xx_hal.o
                0x0800163c                HAL_Delay
 .text.__NVIC_SetPriorityGrouping
                0x08001684       0x48 ./Drivers/STM32F1xx_HAL_Driver/Src/stm32f1xx_hal_cortex.o
 .text.__NVIC_GetPriorityGrouping
                0x080016cc       0x1c ./Drivers/STM32F1xx_HAL_Driver/Src/stm32f1xx_hal_cortex.o
 .text.__NVIC_EnableIRQ
                0x080016e8       0x38 ./Drivers/STM32F1xx_HAL_Driver/Src/stm32f1xx_hal_cortex.o
 .text.__NVIC_SetPriority
                0x08001720       0x54 ./Drivers/STM32F1xx_HAL_Driver/Src/stm32f1xx_hal_cortex.o
 .text.NVIC_EncodePriority
                0x08001774       0x64 ./Drivers/STM32F1xx_HAL_Driver/Src/stm32f1xx_hal_cortex.o
 .text.SysTick_Config
                0x080017d8       0x44 ./Drivers/STM32F1xx_HAL_Driver/Src/stm32f1xx_hal_cortex.o
 .text.HAL_NVIC_SetPriorityGrouping
                0x0800181c       0x16 ./Drivers/STM32F1xx_HAL_Driver/Src/stm32f1xx_hal_cortex.o
                0x0800181c                HAL_NVIC_SetPriorityGrouping
 .text.HAL_NVIC_SetPriority
                0x08001832       0x38 ./Drivers/STM32F1xx_HAL_Driver/Src/stm32f1xx_hal_cortex.o
                0x08001832                HAL_NVIC_SetPriority
 .text.HAL_NVIC_EnableIRQ
                0x0800186a       0x1c ./Drivers/STM32F1xx_HAL_Driver/Src/stm32f1xx_hal_cortex.o
                0x0800186a                HAL_NVIC_EnableIRQ
 .text.HAL_SYSTICK_Config
                0x08001886       0x18 ./Drivers/STM32F1xx_HAL_Driver/Src/stm32f1xx_hal_cortex.o
                0x08001886                HAL_SYSTICK_Config
 *fill*         0x0800189e        0x2 
 .text.HAL_DMA_Init
                0x080018a0       0xb4 ./Drivers/STM32F1xx_HAL_Driver/Src/stm32f1xx_hal_dma.o
                0x080018a0                HAL_DMA_Init
 .text.HAL_DMA_Start_IT
                0x08001954       0xc0 ./Drivers/STM32F1xx_HAL_Driver/Src/stm32f1xx_hal_dma.o
                0x08001954                HAL_DMA_Start_IT
 .text.HAL_DMA_Abort
                0x08001a14       0x76 ./Drivers/STM32F1xx_HAL_Driver/Src/stm32f1xx_hal_dma.o
                0x08001a14                HAL_DMA_Abort
 *fill*         0x08001a8a        0x2 
 .text.HAL_DMA_Abort_IT
                0x08001a8c       0xf0 ./Drivers/STM32F1xx_HAL_Driver/Src/stm32f1xx_hal_dma.o
                0x08001a8c                HAL_DMA_Abort_IT
 .text.HAL_DMA_IRQHandler
                0x08001b7c      0x20c ./Drivers/STM32F1xx_HAL_Driver/Src/stm32f1xx_hal_dma.o
                0x08001b7c                HAL_DMA_IRQHandler
 .text.DMA_SetConfig
                0x08001d88       0x5a ./Drivers/STM32F1xx_HAL_Driver/Src/stm32f1xx_hal_dma.o
 *fill*         0x08001de2        0x2 
 .text.HAL_GPIO_Init
                0x08001de4      0x2f8 ./Drivers/STM32F1xx_HAL_Driver/Src/stm32f1xx_hal_gpio.o
                0x08001de4                HAL_GPIO_Init
 .text.HAL_GPIO_WritePin
                0x080020dc       0x30 ./Drivers/STM32F1xx_HAL_Driver/Src/stm32f1xx_hal_gpio.o
                0x080020dc                HAL_GPIO_WritePin
 .text.HAL_GPIO_TogglePin
                0x0800210c       0x32 ./Drivers/STM32F1xx_HAL_Driver/Src/stm32f1xx_hal_gpio.o
                0x0800210c                HAL_GPIO_TogglePin
 *fill*         0x0800213e        0x2 
 .text.HAL_I2C_Init
                0x08002140      0x288 ./Drivers/STM32F1xx_HAL_Driver/Src/stm32f1xx_hal_i2c.o
                0x08002140                HAL_I2C_Init
 .text.HAL_RCC_OscConfig
                0x080023c8      0x504 ./Drivers/STM32F1xx_HAL_Driver/Src/stm32f1xx_hal_rcc.o
                0x080023c8                HAL_RCC_OscConfig
 .text.HAL_RCC_ClockConfig
                0x080028cc      0x1d4 ./Drivers/STM32F1xx_HAL_Driver/Src/stm32f1xx_hal_rcc.o
                0x080028cc                HAL_RCC_ClockConfig
 .text.HAL_RCC_GetSysClockFreq
                0x08002aa0       0xa8 ./Drivers/STM32F1xx_HAL_Driver/Src/stm32f1xx_hal_rcc.o
                0x08002aa0                HAL_RCC_GetSysClockFreq
 .text.HAL_RCC_GetHCLKFreq
                0x08002b48       0x14 ./Drivers/STM32F1xx_HAL_Driver/Src/stm32f1xx_hal_rcc.o
                0x08002b48                HAL_RCC_GetHCLKFreq
 .text.HAL_RCC_GetPCLK1Freq
                0x08002b5c       0x28 ./Drivers/STM32F1xx_HAL_Driver/Src/stm32f1xx_hal_rcc.o
                0x08002b5c                HAL_RCC_GetPCLK1Freq
 .text.HAL_RCC_GetPCLK2Freq
                0x08002b84       0x28 ./Drivers/STM32F1xx_HAL_Driver/Src/stm32f1xx_hal_rcc.o
                0x08002b84                HAL_RCC_GetPCLK2Freq
 .text.RCC_Delay
                0x08002bac       0x3c ./Drivers/STM32F1xx_HAL_Driver/Src/stm32f1xx_hal_rcc.o
 .text.HAL_UART_Init
                0x08002be8       0xa0 ./Drivers/STM32F1xx_HAL_Driver/Src/stm32f1xx_hal_uart.o
                0x08002be8                HAL_UART_Init
 .text.HAL_UART_Transmit
                0x08002c88      0x116 ./Drivers/STM32F1xx_HAL_Driver/Src/stm32f1xx_hal_uart.o
                0x08002c88                HAL_UART_Transmit
 .text.HAL_UART_Receive_IT
                0x08002d9e       0x4a ./Drivers/STM32F1xx_HAL_Driver/Src/stm32f1xx_hal_uart.o
                0x08002d9e                HAL_UART_Receive_IT
 .text.HAL_UART_Transmit_DMA
                0x08002de8       0xe0 ./Drivers/STM32F1xx_HAL_Driver/Src/stm32f1xx_hal_uart.o
                0x08002de8                HAL_UART_Transmit_DMA
 .text.HAL_UART_IRQHandler
                0x08002ec8      0x524 ./Drivers/STM32F1xx_HAL_Driver/Src/stm32f1xx_hal_uart.o
                0x08002ec8                HAL_UART_IRQHandler
 .text.HAL_UART_TxCpltCallback
                0x080033ec       0x12 ./Drivers/STM32F1xx_HAL_Driver/Src/stm32f1xx_hal_uart.o
                0x080033ec                HAL_UART_TxCpltCallback
 .text.HAL_UART_TxHalfCpltCallback
                0x080033fe       0x12 ./Drivers/STM32F1xx_HAL_Driver/Src/stm32f1xx_hal_uart.o
                0x080033fe                HAL_UART_TxHalfCpltCallback
 .text.HAL_UART_ErrorCallback
                0x08003410       0x12 ./Drivers/STM32F1xx_HAL_Driver/Src/stm32f1xx_hal_uart.o
                0x08003410                HAL_UART_ErrorCallback
 .text.HAL_UARTEx_RxEventCallback
                0x08003422       0x16 ./Drivers/STM32F1xx_HAL_Driver/Src/stm32f1xx_hal_uart.o
                0x08003422                HAL_UARTEx_RxEventCallback
 .text.UART_DMATransmitCplt
                0x08003438       0x9a ./Drivers/STM32F1xx_HAL_Driver/Src/stm32f1xx_hal_uart.o
 .text.UART_DMATxHalfCplt
                0x080034d2       0x1c ./Drivers/STM32F1xx_HAL_Driver/Src/stm32f1xx_hal_uart.o
 .text.UART_DMAError
                0x080034ee       0x94 ./Drivers/STM32F1xx_HAL_Driver/Src/stm32f1xx_hal_uart.o
 .text.UART_WaitOnFlagUntilTimeout
                0x08003582       0xb2 ./Drivers/STM32F1xx_HAL_Driver/Src/stm32f1xx_hal_uart.o
 .text.UART_Start_Receive_IT
                0x08003634       0x72 ./Drivers/STM32F1xx_HAL_Driver/Src/stm32f1xx_hal_uart.o
                0x08003634                UART_Start_Receive_IT
 .text.UART_EndTxTransfer
                0x080036a6       0x4e ./Drivers/STM32F1xx_HAL_Driver/Src/stm32f1xx_hal_uart.o
 .text.UART_EndRxTransfer
                0x080036f4       0xc4 ./Drivers/STM32F1xx_HAL_Driver/Src/stm32f1xx_hal_uart.o
 .text.UART_DMAAbortOnError
                0x080037b8       0x28 ./Drivers/STM32F1xx_HAL_Driver/Src/stm32f1xx_hal_uart.o
 .text.UART_Transmit_IT
                0x080037e0       0x9e ./Drivers/STM32F1xx_HAL_Driver/Src/stm32f1xx_hal_uart.o
 .text.UART_EndTransmit_IT
                0x0800387e       0x30 ./Drivers/STM32F1xx_HAL_Driver/Src/stm32f1xx_hal_uart.o
 .text.UART_Receive_IT
                0x080038ae      0x17c ./Drivers/STM32F1xx_HAL_Driver/Src/stm32f1xx_hal_uart.o
 *fill*         0x08003a2a        0x2 
 .text.UART_SetConfig
                0x08003a2c      0x11c ./Drivers/STM32F1xx_HAL_Driver/Src/stm32f1xx_hal_uart.o
 .text.memset   0x08003b48       0x10 C:/ST/STM32CubeIDE_1.15.0/STM32CubeIDE/plugins/com.st.stm32cube.ide.mcu.externaltools.gnu-tools-for-stm32.12.3.rel1.win32_1.0.100.202403111256/tools/bin/../lib/gcc/arm-none-eabi/12.3.1/../../../../arm-none-eabi/lib/thumb/v7-m/nofp\libc_nano.a(libc_a-memset.o)
                0x08003b48                memset
 .text.strncpy  0x08003b58       0x26 C:/ST/STM32CubeIDE_1.15.0/STM32CubeIDE/plugins/com.st.stm32cube.ide.mcu.externaltools.gnu-tools-for-stm32.12.3.rel1.win32_1.0.100.202403111256/tools/bin/../lib/gcc/arm-none-eabi/12.3.1/../../../../arm-none-eabi/lib/thumb/v7-m/nofp\libc_nano.a(libc_a-strncpy.o)
                0x08003b58                strncpy
 .text.strstr   0x08003b7e       0x2c C:/ST/STM32CubeIDE_1.15.0/STM32CubeIDE/plugins/com.st.stm32cube.ide.mcu.externaltools.gnu-tools-for-stm32.12.3.rel1.win32_1.0.100.202403111256/tools/bin/../lib/gcc/arm-none-eabi/12.3.1/../../../../arm-none-eabi/lib/thumb/v7-m/nofp\libc_nano.a(libc_a-strstr.o)
                0x08003b7e                strstr
 *fill*         0x08003baa        0x2 
 .text.__libc_init_array
                0x08003bac       0x48 C:/ST/STM32CubeIDE_1.15.0/STM32CubeIDE/plugins/com.st.stm32cube.ide.mcu.externaltools.gnu-tools-for-stm32.12.3.rel1.win32_1.0.100.202403111256/tools/bin/../lib/gcc/arm-none-eabi/12.3.1/../../../../arm-none-eabi/lib/thumb/v7-m/nofp\libc_nano.a(libc_a-init.o)
                0x08003bac                __libc_init_array
 *(.glue_7)
 .glue_7        0x08003bf4        0x0 linker stubs
 *(.glue_7t)
 .glue_7t       0x08003bf4        0x0 linker stubs
 *(.eh_frame)
 .eh_frame      0x08003bf4        0x0 C:/ST/STM32CubeIDE_1.15.0/STM32CubeIDE/plugins/com.st.stm32cube.ide.mcu.externaltools.gnu-tools-for-stm32.12.3.rel1.win32_1.0.100.202403111256/tools/bin/../lib/gcc/arm-none-eabi/12.3.1/thumb/v7-m/nofp/crtbegin.o
 *(.init)
 .init          0x08003bf4        0x4 C:/ST/STM32CubeIDE_1.15.0/STM32CubeIDE/plugins/com.st.stm32cube.ide.mcu.externaltools.gnu-tools-for-stm32.12.3.rel1.win32_1.0.100.202403111256/tools/bin/../lib/gcc/arm-none-eabi/12.3.1/thumb/v7-m/nofp/crti.o
                0x08003bf4                _init
 .init          0x08003bf8        0x8 C:/ST/STM32CubeIDE_1.15.0/STM32CubeIDE/plugins/com.st.stm32cube.ide.mcu.externaltools.gnu-tools-for-stm32.12.3.rel1.win32_1.0.100.202403111256/tools/bin/../lib/gcc/arm-none-eabi/12.3.1/thumb/v7-m/nofp/crtn.o
 *(.fini)
 .fini          0x08003c00        0x4 C:/ST/STM32CubeIDE_1.15.0/STM32CubeIDE/plugins/com.st.stm32cube.ide.mcu.externaltools.gnu-tools-for-stm32.12.3.rel1.win32_1.0.100.202403111256/tools/bin/../lib/gcc/arm-none-eabi/12.3.1/thumb/v7-m/nofp/crti.o
                0x08003c00                _fini
 .fini          0x08003c04        0x8 C:/ST/STM32CubeIDE_1.15.0/STM32CubeIDE/plugins/com.st.stm32cube.ide.mcu.externaltools.gnu-tools-for-stm32.12.3.rel1.win32_1.0.100.202403111256/tools/bin/../lib/gcc/arm-none-eabi/12.3.1/thumb/v7-m/nofp/crtn.o
                0x08003c0c                        . = ALIGN (0x4)
                0x08003c0c                        _etext = .

.vfp11_veneer   0x08003c0c        0x0
 .vfp11_veneer  0x08003c0c        0x0 linker stubs

.v4_bx          0x08003c0c        0x0
 .v4_bx         0x08003c0c        0x0 linker stubs

.iplt           0x08003c0c        0x0
 .iplt          0x08003c0c        0x0 C:/ST/STM32CubeIDE_1.15.0/STM32CubeIDE/plugins/com.st.stm32cube.ide.mcu.externaltools.gnu-tools-for-stm32.12.3.rel1.win32_1.0.100.202403111256/tools/bin/../lib/gcc/arm-none-eabi/12.3.1/thumb/v7-m/nofp/crtbegin.o

.rodata         0x08003c0c      0x87c
                0x08003c0c                        . = ALIGN (0x4)
 *(.rodata)
 .rodata        0x08003c0c       0xe1 ./Core/Src/main.o
 *(.rodata*)
 *fill*         0x08003ced        0x3 
 .rodata.Font7x10
                0x08003cf0      0x76c ./Core/Src/fonts.o
                0x08003cf0                Font7x10
 .rodata.AHBPrescTable
                0x0800445c       0x10 ./Core/Src/system_stm32f1xx.o
                0x0800445c                AHBPrescTable
 .rodata.APBPrescTable
                0x0800446c        0x8 ./Core/Src/system_stm32f1xx.o
                0x0800446c                APBPrescTable
 .rodata.aPLLMULFactorTable.1
                0x08004474       0x10 ./Drivers/STM32F1xx_HAL_Driver/Src/stm32f1xx_hal_rcc.o
 .rodata.aPredivFactorTable.0
                0x08004484        0x2 ./Drivers/STM32F1xx_HAL_Driver/Src/stm32f1xx_hal_rcc.o
                0x08004488                        . = ALIGN (0x4)
 *fill*         0x08004486        0x2 

.rel.dyn        0x08004488        0x0
 .rel.iplt      0x08004488        0x0 C:/ST/STM32CubeIDE_1.15.0/STM32CubeIDE/plugins/com.st.stm32cube.ide.mcu.externaltools.gnu-tools-for-stm32.12.3.rel1.win32_1.0.100.202403111256/tools/bin/../lib/gcc/arm-none-eabi/12.3.1/thumb/v7-m/nofp/crtbegin.o

.ARM.extab      0x08004488        0x0
                0x08004488                        . = ALIGN (0x4)
 *(.ARM.extab* .gnu.linkonce.armextab.*)
                0x08004488                        . = ALIGN (0x4)

.ARM            0x08004488        0x0
                0x08004488                        . = ALIGN (0x4)
                0x08004488                        __exidx_start = .
 *(.ARM.exidx*)
                0x08004488                        __exidx_end = .
                0x08004488                        . = ALIGN (0x4)

.preinit_array  0x08004488        0x0
                0x08004488                        . = ALIGN (0x4)
                0x08004488                        PROVIDE (__preinit_array_start = .)
 *(.preinit_array*)
                0x08004488                        PROVIDE (__preinit_array_end = .)
                0x08004488                        . = ALIGN (0x4)

.init_array     0x08004488        0x4
                0x08004488                        . = ALIGN (0x4)
                0x08004488                        PROVIDE (__init_array_start = .)
 *(SORT_BY_NAME(.init_array.*))
 *(.init_array*)
 .init_array    0x08004488        0x4 C:/ST/STM32CubeIDE_1.15.0/STM32CubeIDE/plugins/com.st.stm32cube.ide.mcu.externaltools.gnu-tools-for-stm32.12.3.rel1.win32_1.0.100.202403111256/tools/bin/../lib/gcc/arm-none-eabi/12.3.1/thumb/v7-m/nofp/crtbegin.o
                0x0800448c                        PROVIDE (__init_array_end = .)
                0x0800448c                        . = ALIGN (0x4)

.fini_array     0x0800448c        0x4
                0x0800448c                        . = ALIGN (0x4)
                [!provide]                        PROVIDE (__fini_array_start = .)
 *(SORT_BY_NAME(.fini_array.*))
 *(.fini_array*)
 .fini_array    0x0800448c        0x4 C:/ST/STM32CubeIDE_1.15.0/STM32CubeIDE/plugins/com.st.stm32cube.ide.mcu.externaltools.gnu-tools-for-stm32.12.3.rel1.win32_1.0.100.202403111256/tools/bin/../lib/gcc/arm-none-eabi/12.3.1/thumb/v7-m/nofp/crtbegin.o
                [!provide]                        PROVIDE (__fini_array_end = .)
                0x08004490                        . = ALIGN (0x4)
                0x08004490                        _sidata = LOADADDR (.data)

.data           0x20000000       0x1c load address 0x08004490
                0x20000000                        . = ALIGN (0x4)
                0x20000000                        _sdata = .
 *(.data)
 *(.data*)
 .data.Font_7x10
                0x20000000        0x8 ./Core/Src/fonts.o
                0x20000000                Font_7x10
 .data.str      0x20000008        0x3 ./Core/Src/main.o
                0x20000008                str
 *fill*         0x2000000b        0x1 
 .data.str2     0x2000000c        0x3 ./Core/Src/main.o
                0x2000000c                str2
 *fill*         0x2000000f        0x1 
 .data.SystemCoreClock
                0x20000010        0x4 ./Core/Src/system_stm32f1xx.o
                0x20000010                SystemCoreClock
 .data.uwTickPrio
                0x20000014        0x4 ./Drivers/STM32F1xx_HAL_Driver/Src/stm32f1xx_hal.o
                0x20000014                uwTickPrio
 .data.uwTickFreq
                0x20000018        0x1 ./Drivers/STM32F1xx_HAL_Driver/Src/stm32f1xx_hal.o
                0x20000018                uwTickFreq
 *(.RamFunc)
 *(.RamFunc*)
                0x2000001c                        . = ALIGN (0x4)
 *fill*         0x20000019        0x3 
                0x2000001c                        _edata = .

.igot.plt       0x2000001c        0x0 load address 0x080044ac
 .igot.plt      0x2000001c        0x0 C:/ST/STM32CubeIDE_1.15.0/STM32CubeIDE/plugins/com.st.stm32cube.ide.mcu.externaltools.gnu-tools-for-stm32.12.3.rel1.win32_1.0.100.202403111256/tools/bin/../lib/gcc/arm-none-eabi/12.3.1/thumb/v7-m/nofp/crtbegin.o
                0x2000001c                        . = ALIGN (0x4)

.bss            0x2000001c      0xa18 load address 0x080044ac
                0x2000001c                        _sbss = .
                0x2000001c                        __bss_start__ = _sbss
 *(.bss)
 .bss           0x2000001c       0x1c C:/ST/STM32CubeIDE_1.15.0/STM32CubeIDE/plugins/com.st.stm32cube.ide.mcu.externaltools.gnu-tools-for-stm32.12.3.rel1.win32_1.0.100.202403111256/tools/bin/../lib/gcc/arm-none-eabi/12.3.1/thumb/v7-m/nofp/crtbegin.o
 *(.bss*)
 .bss.hi2c1     0x20000038       0x54 ./Core/Src/main.o
                0x20000038                hi2c1
 .bss.huart1    0x2000008c       0x48 ./Core/Src/main.o
                0x2000008c                huart1
 .bss.huart2    0x200000d4       0x48 ./Core/Src/main.o
                0x200000d4                huart2
 .bss.hdma_usart1_rx
                0x2000011c       0x44 ./Core/Src/main.o
                0x2000011c                hdma_usart1_rx
 .bss.hdma_usart1_tx
                0x20000160       0x44 ./Core/Src/main.o
                0x20000160                hdma_usart1_tx
 .bss.hdma_usart2_tx
                0x200001a4       0x44 ./Core/Src/main.o
                0x200001a4                hdma_usart2_tx
 .bss.hdma_usart2_rx
                0x200001e8       0x44 ./Core/Src/main.o
                0x200001e8                hdma_usart2_rx
 .bss.modemString2
                0x2000022c       0xfa ./Core/Src/main.o
                0x2000022c                modemString2
 *fill*         0x20000326        0x2 
 .bss.modemStringLength2
                0x20000328        0x4 ./Core/Src/main.o
                0x20000328                modemStringLength2
 .bss.modemString1
                0x2000032c       0xfa ./Core/Src/main.o
                0x2000032c                modemString1
 *fill*         0x20000426        0x2 
 .bss.modemStringLength1
                0x20000428        0x4 ./Core/Src/main.o
                0x20000428                modemStringLength1
 .bss.oldModem  0x2000042c       0xfa ./Core/Src/main.o
                0x2000042c                oldModem
 *fill*         0x20000526        0x2 
 .bss.oldModem2
                0x20000528       0xfa ./Core/Src/main.o
                0x20000528                oldModem2
 *fill*         0x20000622        0x2 
 .bss.SSD1306_Buffer
                0x20000624      0x400 ./Core/Src/ssd1306.o
 .bss.SSD1306   0x20000a24        0x6 ./Core/Src/ssd1306.o
 *fill*         0x20000a2a        0x2 
 .bss.ssd1306_I2C_Timeout
                0x20000a2c        0x4 ./Core/Src/ssd1306_i2c.o
 .bss.uwTick    0x20000a30        0x4 ./Drivers/STM32F1xx_HAL_Driver/Src/stm32f1xx_hal.o
                0x20000a30                uwTick
 *(COMMON)
                0x20000a34                        . = ALIGN (0x4)
                0x20000a34                        _ebss = .
                0x20000a34                        __bss_end__ = _ebss

._user_heap_stack
                0x20000a34      0x604 load address 0x080044ac
                0x20000a38                        . = ALIGN (0x8)
 *fill*         0x20000a34        0x4 
                [!provide]                        PROVIDE (end = .)
                0x20000a38                        PROVIDE (_end = .)
                0x20000c38                        . = (. + _Min_Heap_Size)
 *fill*         0x20000a38      0x200 
                0x20001038                        . = (. + _Min_Stack_Size)
 *fill*         0x20000c38      0x400 
                0x20001038                        . = ALIGN (0x8)

/DISCARD/
 libc.a(*)
 libm.a(*)
 libgcc.a(*)

.ARM.attributes
                0x00000000       0x29
 *(.ARM.attributes)
 .ARM.attributes
                0x00000000       0x1d C:/ST/STM32CubeIDE_1.15.0/STM32CubeIDE/plugins/com.st.stm32cube.ide.mcu.externaltools.gnu-tools-for-stm32.12.3.rel1.win32_1.0.100.202403111256/tools/bin/../lib/gcc/arm-none-eabi/12.3.1/thumb/v7-m/nofp/crti.o
 .ARM.attributes
                0x0000001d       0x2d C:/ST/STM32CubeIDE_1.15.0/STM32CubeIDE/plugins/com.st.stm32cube.ide.mcu.externaltools.gnu-tools-for-stm32.12.3.rel1.win32_1.0.100.202403111256/tools/bin/../lib/gcc/arm-none-eabi/12.3.1/thumb/v7-m/nofp/crtbegin.o
 .ARM.attributes
                0x0000004a       0x2d ./Core/Src/fonts.o
 .ARM.attributes
                0x00000077       0x2d ./Core/Src/main.o
 .ARM.attributes
                0x000000a4       0x2d ./Core/Src/ssd1306.o
 .ARM.attributes
                0x000000d1       0x2d ./Core/Src/ssd1306_i2c.o
 .ARM.attributes
                0x000000fe       0x2d ./Core/Src/stm32f1xx_hal_msp.o
 .ARM.attributes
                0x0000012b       0x2d ./Core/Src/stm32f1xx_it.o
 .ARM.attributes
                0x00000158       0x2d ./Core/Src/system_stm32f1xx.o
 .ARM.attributes
                0x00000185       0x21 ./Core/Startup/startup_stm32f103c6tx.o
 .ARM.attributes
                0x000001a6       0x2d ./Drivers/STM32F1xx_HAL_Driver/Src/stm32f1xx_hal.o
 .ARM.attributes
                0x000001d3       0x2d ./Drivers/STM32F1xx_HAL_Driver/Src/stm32f1xx_hal_cortex.o
 .ARM.attributes
                0x00000200       0x2d ./Drivers/STM32F1xx_HAL_Driver/Src/stm32f1xx_hal_dma.o
 .ARM.attributes
                0x0000022d       0x2d ./Drivers/STM32F1xx_HAL_Driver/Src/stm32f1xx_hal_gpio.o
 .ARM.attributes
                0x0000025a       0x2d ./Drivers/STM32F1xx_HAL_Driver/Src/stm32f1xx_hal_i2c.o
 .ARM.attributes
                0x00000287       0x2d ./Drivers/STM32F1xx_HAL_Driver/Src/stm32f1xx_hal_rcc.o
 .ARM.attributes
                0x000002b4       0x2d ./Drivers/STM32F1xx_HAL_Driver/Src/stm32f1xx_hal_uart.o
 .ARM.attributes
                0x000002e1       0x2d C:/ST/STM32CubeIDE_1.15.0/STM32CubeIDE/plugins/com.st.stm32cube.ide.mcu.externaltools.gnu-tools-for-stm32.12.3.rel1.win32_1.0.100.202403111256/tools/bin/../lib/gcc/arm-none-eabi/12.3.1/../../../../arm-none-eabi/lib/thumb/v7-m/nofp\libc_nano.a(libc_a-memset.o)
 .ARM.attributes
                0x0000030e       0x2d C:/ST/STM32CubeIDE_1.15.0/STM32CubeIDE/plugins/com.st.stm32cube.ide.mcu.externaltools.gnu-tools-for-stm32.12.3.rel1.win32_1.0.100.202403111256/tools/bin/../lib/gcc/arm-none-eabi/12.3.1/../../../../arm-none-eabi/lib/thumb/v7-m/nofp\libc_nano.a(libc_a-strncpy.o)
 .ARM.attributes
                0x0000033b       0x2d C:/ST/STM32CubeIDE_1.15.0/STM32CubeIDE/plugins/com.st.stm32cube.ide.mcu.externaltools.gnu-tools-for-stm32.12.3.rel1.win32_1.0.100.202403111256/tools/bin/../lib/gcc/arm-none-eabi/12.3.1/../../../../arm-none-eabi/lib/thumb/v7-m/nofp\libc_nano.a(libc_a-strstr.o)
 .ARM.attributes
                0x00000368       0x2d C:/ST/STM32CubeIDE_1.15.0/STM32CubeIDE/plugins/com.st.stm32cube.ide.mcu.externaltools.gnu-tools-for-stm32.12.3.rel1.win32_1.0.100.202403111256/tools/bin/../lib/gcc/arm-none-eabi/12.3.1/../../../../arm-none-eabi/lib/thumb/v7-m/nofp\libc_nano.a(libc_a-init.o)
 .ARM.attributes
                0x00000395       0x1d C:/ST/STM32CubeIDE_1.15.0/STM32CubeIDE/plugins/com.st.stm32cube.ide.mcu.externaltools.gnu-tools-for-stm32.12.3.rel1.win32_1.0.100.202403111256/tools/bin/../lib/gcc/arm-none-eabi/12.3.1/thumb/v7-m/nofp/crtn.o
OUTPUT(sim800l.elf elf32-littlearm)
LOAD linker stubs
LOAD C:/ST/STM32CubeIDE_1.15.0/STM32CubeIDE/plugins/com.st.stm32cube.ide.mcu.externaltools.gnu-tools-for-stm32.12.3.rel1.win32_1.0.100.202403111256/tools/bin/../lib/gcc/arm-none-eabi/12.3.1/../../../../arm-none-eabi/lib/thumb/v7-m/nofp\libc.a
LOAD C:/ST/STM32CubeIDE_1.15.0/STM32CubeIDE/plugins/com.st.stm32cube.ide.mcu.externaltools.gnu-tools-for-stm32.12.3.rel1.win32_1.0.100.202403111256/tools/bin/../lib/gcc/arm-none-eabi/12.3.1/../../../../arm-none-eabi/lib/thumb/v7-m/nofp\libm.a
LOAD C:/ST/STM32CubeIDE_1.15.0/STM32CubeIDE/plugins/com.st.stm32cube.ide.mcu.externaltools.gnu-tools-for-stm32.12.3.rel1.win32_1.0.100.202403111256/tools/bin/../lib/gcc/arm-none-eabi/12.3.1/thumb/v7-m/nofp\libgcc.a

.debug_info     0x00000000     0xafc4
 .debug_info    0x00000000      0x255 ./Core/Src/fonts.o
 .debug_info    0x00000255     0x11f9 ./Core/Src/main.o
 .debug_info    0x0000144e      0x906 ./Core/Src/ssd1306.o
 .debug_info    0x00001d54      0x333 ./Core/Src/ssd1306_i2c.o
 .debug_info    0x00002087      0xcb5 ./Core/Src/stm32f1xx_hal_msp.o
 .debug_info    0x00002d3c      0x684 ./Core/Src/stm32f1xx_it.o
 .debug_info    0x000033c0      0x222 ./Core/Src/system_stm32f1xx.o
 .debug_info    0x000035e2       0x30 ./Core/Startup/startup_stm32f103c6tx.o
 .debug_info    0x00003612      0x6e6 ./Drivers/STM32F1xx_HAL_Driver/Src/stm32f1xx_hal.o
 .debug_info    0x00003cf8      0xa69 ./Drivers/STM32F1xx_HAL_Driver/Src/stm32f1xx_hal_cortex.o
 .debug_info    0x00004761      0x6d2 ./Drivers/STM32F1xx_HAL_Driver/Src/stm32f1xx_hal_dma.o
 .debug_info    0x00004e33      0x5ab ./Drivers/STM32F1xx_HAL_Driver/Src/stm32f1xx_hal_gpio.o
 .debug_info    0x000053de     0x2524 ./Drivers/STM32F1xx_HAL_Driver/Src/stm32f1xx_hal_i2c.o
 .debug_info    0x00007902      0x7d5 ./Drivers/STM32F1xx_HAL_Driver/Src/stm32f1xx_hal_rcc.o
 .debug_info    0x000080d7     0x2eed ./Drivers/STM32F1xx_HAL_Driver/Src/stm32f1xx_hal_uart.o

.debug_abbrev   0x00000000     0x1e76
 .debug_abbrev  0x00000000      0x11c ./Core/Src/fonts.o
 .debug_abbrev  0x0000011c      0x310 ./Core/Src/main.o
 .debug_abbrev  0x0000042c      0x294 ./Core/Src/ssd1306.o
 .debug_abbrev  0x000006c0      0x17e ./Core/Src/ssd1306_i2c.o
 .debug_abbrev  0x0000083e      0x226 ./Core/Src/stm32f1xx_hal_msp.o
 .debug_abbrev  0x00000a64      0x193 ./Core/Src/stm32f1xx_it.o
 .debug_abbrev  0x00000bf7      0x13f ./Core/Src/system_stm32f1xx.o
 .debug_abbrev  0x00000d36       0x24 ./Core/Startup/startup_stm32f103c6tx.o
 .debug_abbrev  0x00000d5a      0x201 ./Drivers/STM32F1xx_HAL_Driver/Src/stm32f1xx_hal.o
 .debug_abbrev  0x00000f5b      0x2f8 ./Drivers/STM32F1xx_HAL_Driver/Src/stm32f1xx_hal_cortex.o
 .debug_abbrev  0x00001253      0x20b ./Drivers/STM32F1xx_HAL_Driver/Src/stm32f1xx_hal_dma.o
 .debug_abbrev  0x0000145e      0x1ca ./Drivers/STM32F1xx_HAL_Driver/Src/stm32f1xx_hal_gpio.o
 .debug_abbrev  0x00001628      0x2a3 ./Drivers/STM32F1xx_HAL_Driver/Src/stm32f1xx_hal_i2c.o
 .debug_abbrev  0x000018cb      0x2b3 ./Drivers/STM32F1xx_HAL_Driver/Src/stm32f1xx_hal_rcc.o
 .debug_abbrev  0x00001b7e      0x2f8 ./Drivers/STM32F1xx_HAL_Driver/Src/stm32f1xx_hal_uart.o

.debug_aranges  0x00000000      0xa88
 .debug_aranges
                0x00000000       0x20 ./Core/Src/fonts.o
 .debug_aranges
                0x00000020       0x68 ./Core/Src/main.o
 .debug_aranges
                0x00000088       0xa0 ./Core/Src/ssd1306.o
 .debug_aranges
                0x00000128       0x48 ./Core/Src/ssd1306_i2c.o
 .debug_aranges
                0x00000170       0x40 ./Core/Src/stm32f1xx_hal_msp.o
 .debug_aranges
                0x000001b0       0x90 ./Core/Src/stm32f1xx_it.o
 .debug_aranges
                0x00000240       0x28 ./Core/Src/system_stm32f1xx.o
 .debug_aranges
                0x00000268       0x28 ./Core/Startup/startup_stm32f103c6tx.o
 .debug_aranges
                0x00000290       0xe0 ./Drivers/STM32F1xx_HAL_Driver/Src/stm32f1xx_hal.o
 .debug_aranges
                0x00000370      0x100 ./Drivers/STM32F1xx_HAL_Driver/Src/stm32f1xx_hal_cortex.o
 .debug_aranges
                0x00000470       0x80 ./Drivers/STM32F1xx_HAL_Driver/Src/stm32f1xx_hal_dma.o
 .debug_aranges
                0x000004f0       0x58 ./Drivers/STM32F1xx_HAL_Driver/Src/stm32f1xx_hal_gpio.o
 .debug_aranges
                0x00000548      0x2a8 ./Drivers/STM32F1xx_HAL_Driver/Src/stm32f1xx_hal_i2c.o
 .debug_aranges
                0x000007f0       0x90 ./Drivers/STM32F1xx_HAL_Driver/Src/stm32f1xx_hal_rcc.o
 .debug_aranges
                0x00000880      0x208 ./Drivers/STM32F1xx_HAL_Driver/Src/stm32f1xx_hal_uart.o

.debug_rnglists
                0x00000000      0x83b
 .debug_rnglists
                0x00000000       0x13 ./Core/Src/fonts.o
 .debug_rnglists
                0x00000013       0x4d ./Core/Src/main.o
 .debug_rnglists
                0x00000060       0x7c ./Core/Src/ssd1306.o
 .debug_rnglists
                0x000000dc       0x32 ./Core/Src/ssd1306_i2c.o
 .debug_rnglists
                0x0000010e       0x2e ./Core/Src/stm32f1xx_hal_msp.o
 .debug_rnglists
                0x0000013c       0x67 ./Core/Src/stm32f1xx_it.o
 .debug_rnglists
                0x000001a3       0x1a ./Core/Src/system_stm32f1xx.o
 .debug_rnglists
                0x000001bd       0x19 ./Core/Startup/startup_stm32f103c6tx.o
 .debug_rnglists
                0x000001d6       0xa3 ./Drivers/STM32F1xx_HAL_Driver/Src/stm32f1xx_hal.o
 .debug_rnglists
                0x00000279       0xbb ./Drivers/STM32F1xx_HAL_Driver/Src/stm32f1xx_hal_cortex.o
 .debug_rnglists
                0x00000334       0x64 ./Drivers/STM32F1xx_HAL_Driver/Src/stm32f1xx_hal_dma.o
 .debug_rnglists
                0x00000398       0x3f ./Drivers/STM32F1xx_HAL_Driver/Src/stm32f1xx_hal_gpio.o
 .debug_rnglists
                0x000003d7      0x23c ./Drivers/STM32F1xx_HAL_Driver/Src/stm32f1xx_hal_i2c.o
 .debug_rnglists
                0x00000613       0x6c ./Drivers/STM32F1xx_HAL_Driver/Src/stm32f1xx_hal_rcc.o
 .debug_rnglists
                0x0000067f      0x1bc ./Drivers/STM32F1xx_HAL_Driver/Src/stm32f1xx_hal_uart.o

.debug_macro    0x00000000    0x1729c
 .debug_macro   0x00000000      0x26e ./Core/Src/fonts.o
 .debug_macro   0x0000026e      0xaa8 ./Core/Src/fonts.o
 .debug_macro   0x00000d16      0x221 ./Core/Src/fonts.o
 .debug_macro   0x00000f37       0x2e ./Core/Src/fonts.o
 .debug_macro   0x00000f65       0x22 ./Core/Src/fonts.o
 .debug_macro   0x00000f87       0x22 ./Core/Src/fonts.o
 .debug_macro   0x00000fa9       0x8e ./Core/Src/fonts.o
 .debug_macro   0x00001037       0x51 ./Core/Src/fonts.o
 .debug_macro   0x00001088      0x103 ./Core/Src/fonts.o
 .debug_macro   0x0000118b       0x6a ./Core/Src/fonts.o
 .debug_macro   0x000011f5      0x1df ./Core/Src/fonts.o
 .debug_macro   0x000013d4       0x1c ./Core/Src/fonts.o
 .debug_macro   0x000013f0       0x22 ./Core/Src/fonts.o
 .debug_macro   0x00001412       0xbd ./Core/Src/fonts.o
 .debug_macro   0x000014cf      0xd23 ./Core/Src/fonts.o
 .debug_macro   0x000021f2     0xde75 ./Core/Src/fonts.o
 .debug_macro   0x00010067       0x6d ./Core/Src/fonts.o
 .debug_macro   0x000100d4     0x34a2 ./Core/Src/fonts.o
 .debug_macro   0x00013576      0x189 ./Core/Src/fonts.o
 .debug_macro   0x000136ff       0x5c ./Core/Src/fonts.o
 .debug_macro   0x0001375b      0x5bc ./Core/Src/fonts.o
 .debug_macro   0x00013d17      0x1b7 ./Core/Src/fonts.o
 .debug_macro   0x00013ece      0x1cb ./Core/Src/fonts.o
 .debug_macro   0x00014099      0x114 ./Core/Src/fonts.o
 .debug_macro   0x000141ad      0x1b2 ./Core/Src/fonts.o
 .debug_macro   0x0001435f       0x27 ./Core/Src/fonts.o
 .debug_macro   0x00014386      0x12f ./Core/Src/fonts.o
 .debug_macro   0x000144b5      0x1bc ./Core/Src/fonts.o
 .debug_macro   0x00014671       0x34 ./Core/Src/fonts.o
 .debug_macro   0x000146a5       0x3c ./Core/Src/fonts.o
 .debug_macro   0x000146e1       0x57 ./Core/Src/fonts.o
 .debug_macro   0x00014738       0x87 ./Core/Src/fonts.o
 .debug_macro   0x000147bf      0x183 ./Core/Src/fonts.o
 .debug_macro   0x00014942      0x287 ./Core/Src/fonts.o
 .debug_macro   0x00014bc9      0x140 ./Core/Src/fonts.o
 .debug_macro   0x00014d09      0x28e ./Core/Src/fonts.o
 .debug_macro   0x00014f97       0x69 ./Core/Src/fonts.o
 .debug_macro   0x00015000       0x61 ./Core/Src/fonts.o
 .debug_macro   0x00015061       0x24 ./Core/Src/fonts.o
 .debug_macro   0x00015085       0x43 ./Core/Src/fonts.o
 .debug_macro   0x000150c8       0x34 ./Core/Src/fonts.o
 .debug_macro   0x000150fc       0x16 ./Core/Src/fonts.o
 .debug_macro   0x00015112       0x43 ./Core/Src/fonts.o
 .debug_macro   0x00015155       0x34 ./Core/Src/fonts.o
 .debug_macro   0x00015189       0x10 ./Core/Src/fonts.o
 .debug_macro   0x00015199       0x58 ./Core/Src/fonts.o
 .debug_macro   0x000151f1       0x8e ./Core/Src/fonts.o
 .debug_macro   0x0001527f       0x1c ./Core/Src/fonts.o
 .debug_macro   0x0001529b      0x177 ./Core/Src/fonts.o
 .debug_macro   0x00015412      0x369 ./Core/Src/fonts.o
 .debug_macro   0x0001577b       0x10 ./Core/Src/fonts.o
 .debug_macro   0x0001578b       0x35 ./Core/Src/fonts.o
 .debug_macro   0x000157c0       0x20 ./Core/Src/fonts.o
 .debug_macro   0x000157e0      0x301 ./Core/Src/main.o
 .debug_macro   0x00015ae1       0x10 ./Core/Src/main.o
 .debug_macro   0x00015af1       0x16 ./Core/Src/main.o
 .debug_macro   0x00015b07       0x16 ./Core/Src/main.o
 .debug_macro   0x00015b1d       0x29 ./Core/Src/main.o
 .debug_macro   0x00015b46       0x1c ./Core/Src/main.o
 .debug_macro   0x00015b62       0x1c ./Core/Src/main.o
 .debug_macro   0x00015b7e       0x10 ./Core/Src/main.o
 .debug_macro   0x00015b8e       0x1c ./Core/Src/main.o
 .debug_macro   0x00015baa       0x16 ./Core/Src/main.o
 .debug_macro   0x00015bc0      0x146 ./Core/Src/main.o
 .debug_macro   0x00015d06       0x22 ./Core/Src/main.o
 .debug_macro   0x00015d28      0x2cc ./Core/Src/ssd1306.o
 .debug_macro   0x00015ff4      0x1be ./Core/Src/ssd1306_i2c.o
 .debug_macro   0x000161b2      0x1a0 ./Core/Src/stm32f1xx_hal_msp.o
 .debug_macro   0x00016352      0x1aa ./Core/Src/stm32f1xx_it.o
 .debug_macro   0x000164fc      0x196 ./Core/Src/system_stm32f1xx.o
 .debug_macro   0x00016692      0x1ba ./Drivers/STM32F1xx_HAL_Driver/Src/stm32f1xx_hal.o
 .debug_macro   0x0001684c      0x196 ./Drivers/STM32F1xx_HAL_Driver/Src/stm32f1xx_hal_cortex.o
 .debug_macro   0x000169e2      0x196 ./Drivers/STM32F1xx_HAL_Driver/Src/stm32f1xx_hal_dma.o
 .debug_macro   0x00016b78      0x201 ./Drivers/STM32F1xx_HAL_Driver/Src/stm32f1xx_hal_gpio.o
 .debug_macro   0x00016d79      0x1e4 ./Drivers/STM32F1xx_HAL_Driver/Src/stm32f1xx_hal_i2c.o
 .debug_macro   0x00016f5d      0x1a8 ./Drivers/STM32F1xx_HAL_Driver/Src/stm32f1xx_hal_rcc.o
 .debug_macro   0x00017105      0x197 ./Drivers/STM32F1xx_HAL_Driver/Src/stm32f1xx_hal_uart.o

.debug_line     0x00000000     0xe2ba
 .debug_line    0x00000000      0x854 ./Core/Src/fonts.o
 .debug_line    0x00000854      0xbe7 ./Core/Src/main.o
 .debug_line    0x0000143b      0xe51 ./Core/Src/ssd1306.o
 .debug_line    0x0000228c      0x854 ./Core/Src/ssd1306_i2c.o
 .debug_line    0x00002ae0      0x854 ./Core/Src/stm32f1xx_hal_msp.o
 .debug_line    0x00003334      0x83d ./Core/Src/stm32f1xx_it.o
 .debug_line    0x00003b71      0x769 ./Core/Src/system_stm32f1xx.o
 .debug_line    0x000042da       0x78 ./Core/Startup/startup_stm32f103c6tx.o
 .debug_line    0x00004352      0x996 ./Drivers/STM32F1xx_HAL_Driver/Src/stm32f1xx_hal.o
 .debug_line    0x00004ce8      0xb82 ./Drivers/STM32F1xx_HAL_Driver/Src/stm32f1xx_hal_cortex.o
 .debug_line    0x0000586a      0xdef ./Drivers/STM32F1xx_HAL_Driver/Src/stm32f1xx_hal_dma.o
 .debug_line    0x00006659      0xa1a ./Drivers/STM32F1xx_HAL_Driver/Src/stm32f1xx_hal_gpio.o
 .debug_line    0x00007073     0x3c33 ./Drivers/STM32F1xx_HAL_Driver/Src/stm32f1xx_hal_i2c.o
 .debug_line    0x0000aca6      0xd9f ./Drivers/STM32F1xx_HAL_Driver/Src/stm32f1xx_hal_rcc.o
 .debug_line    0x0000ba45     0x2875 ./Drivers/STM32F1xx_HAL_Driver/Src/stm32f1xx_hal_uart.o

.debug_str      0x00000000    0x826c0
 .debug_str     0x00000000    0x7ed09 ./Core/Src/fonts.o
                              0x7f06c (size before relaxing)
 .debug_str     0x0007ed09     0x14cb ./Core/Src/main.o
                              0x805dc (size before relaxing)
 .debug_str     0x000801d4      0x2b7 ./Core/Src/ssd1306.o
                              0x7f4c3 (size before relaxing)
 .debug_str     0x0008048b       0xd4 ./Core/Src/ssd1306_i2c.o
                              0x7bffd (size before relaxing)
 .debug_str     0x0008055f       0xb7 ./Core/Src/stm32f1xx_hal_msp.o
                              0x7c963 (size before relaxing)
 .debug_str     0x00080616      0x178 ./Core/Src/stm32f1xx_it.o
                              0x7c411 (size before relaxing)
 .debug_str     0x0008078e       0x7e ./Core/Src/system_stm32f1xx.o
                              0x7bf20 (size before relaxing)
 .debug_str     0x0008080c       0x44 ./Core/Startup/startup_stm32f103c6tx.o
                                 0x71 (size before relaxing)
 .debug_str     0x00080850      0x384 ./Drivers/STM32F1xx_HAL_Driver/Src/stm32f1xx_hal.o
                              0x7c619 (size before relaxing)
 .debug_str     0x00080bd4      0x29e ./Drivers/STM32F1xx_HAL_Driver/Src/stm32f1xx_hal_cortex.o
                              0x7c565 (size before relaxing)
 .debug_str     0x00080e72      0x20b ./Drivers/STM32F1xx_HAL_Driver/Src/stm32f1xx_hal_dma.o
                              0x7c2c9 (size before relaxing)
 .debug_str     0x0008107d      0x2f2 ./Drivers/STM32F1xx_HAL_Driver/Src/stm32f1xx_hal_gpio.o
                              0x7c2a6 (size before relaxing)
 .debug_str     0x0008136f      0xba2 ./Drivers/STM32F1xx_HAL_Driver/Src/stm32f1xx_hal_i2c.o
                              0x7cfe7 (size before relaxing)
 .debug_str     0x00081f11      0x209 ./Drivers/STM32F1xx_HAL_Driver/Src/stm32f1xx_hal_rcc.o
                              0x7c34f (size before relaxing)
 .debug_str     0x0008211a      0x5a6 ./Drivers/STM32F1xx_HAL_Driver/Src/stm32f1xx_hal_uart.o
                              0x7c9c0 (size before relaxing)

.comment        0x00000000       0x43
 .comment       0x00000000       0x43 ./Core/Src/fonts.o
                                 0x44 (size before relaxing)
 .comment       0x00000043       0x44 ./Core/Src/main.o
 .comment       0x00000043       0x44 ./Core/Src/ssd1306.o
 .comment       0x00000043       0x44 ./Core/Src/ssd1306_i2c.o
 .comment       0x00000043       0x44 ./Core/Src/stm32f1xx_hal_msp.o
 .comment       0x00000043       0x44 ./Core/Src/stm32f1xx_it.o
 .comment       0x00000043       0x44 ./Core/Src/system_stm32f1xx.o
 .comment       0x00000043       0x44 ./Drivers/STM32F1xx_HAL_Driver/Src/stm32f1xx_hal.o
 .comment       0x00000043       0x44 ./Drivers/STM32F1xx_HAL_Driver/Src/stm32f1xx_hal_cortex.o
 .comment       0x00000043       0x44 ./Drivers/STM32F1xx_HAL_Driver/Src/stm32f1xx_hal_dma.o
 .comment       0x00000043       0x44 ./Drivers/STM32F1xx_HAL_Driver/Src/stm32f1xx_hal_gpio.o
 .comment       0x00000043       0x44 ./Drivers/STM32F1xx_HAL_Driver/Src/stm32f1xx_hal_i2c.o
 .comment       0x00000043       0x44 ./Drivers/STM32F1xx_HAL_Driver/Src/stm32f1xx_hal_rcc.o
 .comment       0x00000043       0x44 ./Drivers/STM32F1xx_HAL_Driver/Src/stm32f1xx_hal_uart.o

.debug_frame    0x00000000     0x2b10
 .debug_frame   0x00000000       0x38 ./Core/Src/fonts.o
 .debug_frame   0x00000038      0x15c ./Core/Src/main.o
 .debug_frame   0x00000194      0x28c ./Core/Src/ssd1306.o
 .debug_frame   0x00000420       0xf0 ./Core/Src/ssd1306_i2c.o
 .debug_frame   0x00000510       0xcc ./Core/Src/stm32f1xx_hal_msp.o
 .debug_frame   0x000005dc      0x1ac ./Core/Src/stm32f1xx_it.o
 .debug_frame   0x00000788       0x58 ./Core/Src/system_stm32f1xx.o
 .debug_frame   0x000007e0      0x334 ./Drivers/STM32F1xx_HAL_Driver/Src/stm32f1xx_hal.o
 .debug_frame   0x00000b14      0x428 ./Drivers/STM32F1xx_HAL_Driver/Src/stm32f1xx_hal_cortex.o
 .debug_frame   0x00000f3c      0x208 ./Drivers/STM32F1xx_HAL_Driver/Src/stm32f1xx_hal_dma.o
 .debug_frame   0x00001144      0x14c ./Drivers/STM32F1xx_HAL_Driver/Src/stm32f1xx_hal_gpio.o
 .debug_frame   0x00001290      0xc84 ./Drivers/STM32F1xx_HAL_Driver/Src/stm32f1xx_hal_i2c.o
 .debug_frame   0x00001f14      0x218 ./Drivers/STM32F1xx_HAL_Driver/Src/stm32f1xx_hal_rcc.o
 .debug_frame   0x0000212c      0x944 ./Drivers/STM32F1xx_HAL_Driver/Src/stm32f1xx_hal_uart.o
 .debug_frame   0x00002a70       0x20 C:/ST/STM32CubeIDE_1.15.0/STM32CubeIDE/plugins/com.st.stm32cube.ide.mcu.externaltools.gnu-tools-for-stm32.12.3.rel1.win32_1.0.100.202403111256/tools/bin/../lib/gcc/arm-none-eabi/12.3.1/../../../../arm-none-eabi/lib/thumb/v7-m/nofp\libc_nano.a(libc_a-memset.o)
 .debug_frame   0x00002a90       0x28 C:/ST/STM32CubeIDE_1.15.0/STM32CubeIDE/plugins/com.st.stm32cube.ide.mcu.externaltools.gnu-tools-for-stm32.12.3.rel1.win32_1.0.100.202403111256/tools/bin/../lib/gcc/arm-none-eabi/12.3.1/../../../../arm-none-eabi/lib/thumb/v7-m/nofp\libc_nano.a(libc_a-strncpy.o)
 .debug_frame   0x00002ab8       0x2c C:/ST/STM32CubeIDE_1.15.0/STM32CubeIDE/plugins/com.st.stm32cube.ide.mcu.externaltools.gnu-tools-for-stm32.12.3.rel1.win32_1.0.100.202403111256/tools/bin/../lib/gcc/arm-none-eabi/12.3.1/../../../../arm-none-eabi/lib/thumb/v7-m/nofp\libc_nano.a(libc_a-strstr.o)
 .debug_frame   0x00002ae4       0x2c C:/ST/STM32CubeIDE_1.15.0/STM32CubeIDE/plugins/com.st.stm32cube.ide.mcu.externaltools.gnu-tools-for-stm32.12.3.rel1.win32_1.0.100.202403111256/tools/bin/../lib/gcc/arm-none-eabi/12.3.1/../../../../arm-none-eabi/lib/thumb/v7-m/nofp\libc_nano.a(libc_a-init.o)

.debug_line_str
                0x00000000       0x55
 .debug_line_str
                0x00000000       0x55 ./Core/Startup/startup_stm32f103c6tx.o
