../Core/Src/main.c:100:6:s800LSend	16	static
../Core/Src/main.c:110:5:s800lMessAdd	24	static
../Core/Src/main.c:117:6:buttStart	8	static
../Core/Src/main.c:125:6:buttOpen	16	static
../Core/Src/main.c:137:6:buttClose	16	static
../Core/Src/main.c:149:6:txATcommand	344	static
../Core/Src/main.c:263:6:rxATcommand	48	static
../Core/Src/main.c:505:6:HAL_UART_RxCpltCallback	40	static
../Core/Src/main.c:559:5:main	24	static
../Core/Src/main.c:677:6:SystemClock_Config	72	static
../Core/Src/main.c:717:13:MX_USART1_UART_Init	8	static
../Core/Src/main.c:750:13:MX_USART2_UART_Init	8	static
../Core/Src/main.c:781:13:MX_DMA_Init	16	static
../Core/Src/main.c:808:13:MX_GPIO_Init	40	static
../Core/Src/main.c:852:6:Error_Handler	4	static,ignoring_inline_asm
