../Core/Src/main.c:99:6:s800LSend	16	static
../Core/Src/main.c:109:5:s800lMessAdd	24	static
../Core/Src/main.c:116:6:buttStart	8	static
../Core/Src/main.c:124:6:buttOpen	16	static
../Core/Src/main.c:136:6:buttClose	16	static
../Core/Src/main.c:148:6:txATcommand	320	static
../Core/Src/main.c:255:6:rxATcommand	48	static
../Core/Src/main.c:478:6:HAL_UART_RxCpltCallback	40	static
../Core/Src/main.c:532:5:main	24	static
../Core/Src/main.c:646:6:SystemClock_Config	72	static
../Core/Src/main.c:686:13:MX_USART1_UART_Init	8	static
../Core/Src/main.c:719:13:MX_USART2_UART_Init	8	static
../Core/Src/main.c:750:13:MX_DMA_Init	16	static
../Core/Src/main.c:777:13:MX_GPIO_Init	40	static
../Core/Src/main.c:821:6:Error_Handler	4	static,ignoring_inline_asm
